// Jest Snapshot v1, https://goo.gl/fbAQLP

exports[`create initConfig file 1`] = `
"import type { PlaywrightTestConfig } from '@playwright/test';
import { PramConfig } from 'playwright-record-and-mock';
const config: PlaywrightTestConfig & PramConfig = {
  projects: [{
    name: 'Chrome Stable',
    testDir: 'e2e'
  }],
  use: {
    headless: false,
    browserName: 'chromium',
    channel: 'chrome',
    viewport: {
      width: 1920,
      height: 1080
    }
  },
  pram: {
    outDir: \\"e2e\\",
    site: \\"https://cn.bing.com/\\",
    urlFilter: /\\\\/AS\\\\/Suggestions/
  }
};
export default config;"
`;
